[2026-09-03T20:47:15Z WARN  lance::dataset::write::insert] No existing dataset at /Users/prrao/code/graph-benchmark-ldbc/lance_graph/graph_lance/Comment.lance, it will be created
Created scalar index: Comment_id_btree
[2026-09-03T20:47:15Z WARN  lance::dataset::write::insert] No existing dataset at /Users/prrao/code/graph-benchmark-ldbc/lance_graph/graph_lance/Forum.lance, it will be created
Created scalar index: Forum_id_btree
[2026-09-03T20:47:15Z WARN  lance::dataset::write::insert] No existing dataset at /Users/prrao/code/graph-benchmark-ldbc/lance_graph/graph_lance/Person.lance, it will be created
Created scalar index: Person_id_btree
[2026-09-03T20:47:15Z WARN  lance::dataset::write::insert] No existing dataset at /Users/prrao/code/graph-benchmark-ldbc/lance_graph/graph_lance/Post.lance, it will be created
Created scalar index: Post_id_btree
[2026-09-03T20:47:15Z WARN  lance::dataset::write::insert] No existing dataset at /Users/prrao/code/graph-benchmark-ldbc/lance_graph/graph_lance/Organisation.lance, it will be created
Created scalar index: Organisation_id_btree
[2026-09-03T20:47:15Z WARN  lance::dataset::write::insert] No existing dataset at /Users/prrao/code/graph-benchmark-ldbc/lance_graph/graph_lance/Place.lance, it will be created
Created scalar index: Place_id_btree
[2026-09-03T20:47:15Z WARN  lance::dataset::write::insert] No existing dataset at /Users/prrao/code/graph-benchmark-ldbc/lance_graph/graph_lance/Tag.lance, it will be created
Created scalar index: Tag_id_btree
[2026-09-03T20:47:15Z WARN  lance::dataset::write::insert] No existing dataset at /Users/prrao/code/graph-benchmark-ldbc/lance_graph/graph_lance/Tagclass.lance, it will be created
Created scalar index: Tagclass_id_btree
[2026-09-03T20:47:15Z WARN  lance::dataset::write::insert] No existing dataset at /Users/prrao/code/graph-benchmark-ldbc/lance_graph/graph_lance/comment_hasCreator_person.lance, it will be created
[2026-09-03T20:47:15Z WARN  lance::dataset::write::insert] No existing dataset at /Users/prrao/code/graph-benchmark-ldbc/lance_graph/graph_lance/comment_hasTag_tag.lance, it will be created
[2026-09-03T20:47:15Z WARN  lance::dataset::write::insert] No existing dataset at /Users/prrao/code/graph-benchmark-ldbc/lance_graph/graph_lance/comment_isLocatedIn_place.lance, it will be created
[2026-09-03T20:47:15Z WARN  lance::dataset::write::insert] No existing dataset at /Users/prrao/code/graph-benchmark-ldbc/lance_graph/graph_lance/comment_replyOf_comment.lance, it will be created
[2026-09-03T20:47:15Z WARN  lance::dataset::write::insert] No existing dataset at /Users/prrao/code/graph-benchmark-ldbc/lance_graph/graph_lance/comment_replyOf_post.lance, it will be created
[2026-09-03T20:47:15Z WARN  lance::dataset::write::insert] No existing dataset at /Users/prrao/code/graph-benchmark-ldbc/lance_graph/graph_lance/forum_containerOf_post.lance, it will be created
[2026-09-03T20:47:15Z WARN  lance::dataset::write::insert] No existing dataset at /Users/prrao/code/graph-benchmark-ldbc/lance_graph/graph_lance/forum_hasMember_person.lance, it will be created
[2026-09-03T20:47:15Z WARN  lance::dataset::write::insert] No existing dataset at /Users/prrao/code/graph-benchmark-ldbc/lance_graph/graph_lance/forum_hasModerator_person.lance, it will be created
[2026-09-03T20:47:15Z WARN  lance::dataset::write::insert] No existing dataset at /Users/prrao/code/graph-benchmark-ldbc/lance_graph/graph_lance/forum_hasTag_tag.lance, it will be created
[2026-09-03T20:47:15Z WARN  lance::dataset::write::insert] No existing dataset at /Users/prrao/code/graph-benchmark-ldbc/lance_graph/graph_lance/person_hasInterest_tag.lance, it will be created
[2026-09-03T20:47:15Z WARN  lance::dataset::write::insert] No existing dataset at /Users/prrao/code/graph-benchmark-ldbc/lance_graph/graph_lance/person_isLocatedIn_place.lance, it will be created
[2026-09-03T20:47:15Z WARN  lance::dataset::write::insert] No existing dataset at /Users/prrao/code/graph-benchmark-ldbc/lance_graph/graph_lance/person_knows_person.lance, it will be created
[2026-09-03T20:47:15Z WARN  lance::dataset::write::insert] No existing dataset at /Users/prrao/code/graph-benchmark-ldbc/lance_graph/graph_lance/person_likes_comment.lance, it will be created
[2026-09-03T20:47:16Z WARN  lance::dataset::write::insert] No existing dataset at /Users/prrao/code/graph-benchmark-ldbc/lance_graph/graph_lance/person_likes_post.lance, it will be created
[2026-09-03T20:47:16Z WARN  lance::dataset::write::insert] No existing dataset at /Users/prrao/code/graph-benchmark-ldbc/lance_graph/graph_lance/person_studyAt_organisation.lance, it will be created
[2026-09-03T20:47:16Z WARN  lance::dataset::write::insert] No existing dataset at /Users/prrao/code/graph-benchmark-ldbc/lance_graph/graph_lance/person_workAt_organisation.lance, it will be created
[2026-09-03T20:47:16Z WARN  lance::dataset::write::insert] No existing dataset at /Users/prrao/code/graph-benchmark-ldbc/lance_graph/graph_lance/post_hasCreator_person.lance, it will be created
[2026-09-03T20:47:16Z WARN  lance::dataset::write::insert] No existing dataset at /Users/prrao/code/graph-benchmark-ldbc/lance_graph/graph_lance/post_hasTag_tag.lance, it will be created
[2026-09-03T20:47:16Z WARN  lance::dataset::write::insert] No existing dataset at /Users/prrao/code/graph-benchmark-ldbc/lance_graph/graph_lance/post_isLocatedIn_place.lance, it will be created
[2026-09-03T20:47:16Z WARN  lance::dataset::write::insert] No existing dataset at /Users/prrao/code/graph-benchmark-ldbc/lance_graph/graph_lance/organisation_isLocatedIn_place.lance, it will be created
[2026-09-03T20:47:16Z WARN  lance::dataset::write::insert] No existing dataset at /Users/prrao/code/graph-benchmark-ldbc/lance_graph/graph_lance/place_isPartOf_place.lance, it will be created
[2026-09-03T20:47:16Z WARN  lance::dataset::write::insert] No existing dataset at /Users/prrao/code/graph-benchmark-ldbc/lance_graph/graph_lance/tag_hasType_tagclass.lance, it will be created
[2026-09-03T20:47:16Z WARN  lance::dataset::write::insert] No existing dataset at /Users/prrao/code/graph-benchmark-ldbc/lance_graph/graph_lance/tagclass_isSubclassOf_tagclass.lance, it will be created
Skipped non-graph CSVs:
  - csv/dynamic/person_email_emailaddress_0_0.csv
  - csv/dynamic/person_speaks_language_0_0.csv
  - csv/updateStream_0_0_forum.csv
  - csv/updateStream_0_0_person.csv
Wrote Lance datasets to: /Users/prrao/code/graph-benchmark-ldbc/lance_graph/graph_lance
