mode=pr iteration=1 begin

Query 11:

        MATCH (p:Person)-[:workAt]->(o:Organisation)
        WHERE o.type <> "university"
        RETURN COUNT(DISTINCT p.ID) AS num_e, o.name
        ORDER BY num_e DESC
        LIMIT 1;
    
shape: (1, 2)
┌───────┬───────────────┐
│ num_e ┆ o.name        │
│ ---   ┆ ---           │
│ i64   ┆ str           │
╞═══════╪═══════════════╡
│ 190   ┆ MDLR_Airlines │
└───────┴───────────────┘
mode=pr iteration=1 passed
mode=pr iteration=2 begin

Query 11:

        MATCH (p:Person)-[:workAt]->(o:Organisation)
        WHERE o.type <> "university"
        RETURN COUNT(DISTINCT p.ID) AS num_e, o.name
        ORDER BY num_e DESC
        LIMIT 1;
    
Fatal Python error: Segmentation fault

Current thread 0x00000001ef6b2180 (most recent call first):
  File "/Users/prrao/code/graph-benchmark-ldbc/.venv/lib/python3.13/site-packages/ladybug/connection.py", line 733 in _execute_with_pybind
  File "/Users/prrao/code/graph-benchmark-ldbc/.venv/lib/python3.13/site-packages/ladybug/connection.py", line 843 in execute
  File "/Users/prrao/code/graph-benchmark-ldbc/ladybugdb/query.py", line 13 in _execute
  File "/Users/prrao/code/graph-benchmark-ldbc/ladybugdb/query.py", line 140 in run_query11
  File "/Users/prrao/code/graph-benchmark-ldbc/results/20260903T204340Z/diagnose_q11.py", line 39 in main
  File "/Users/prrao/code/graph-benchmark-ldbc/results/20260903T204340Z/diagnose_q11.py", line 48 in <module>

Extension modules: numpy._core._multiarray_umath, numpy.linalg._umath_linalg, pyarrow.lib (total: 3)
