mode=without-dummy iteration=1 begin

Query 11:

        MATCH (p:Person)-[:workAt]->(o:Organisation)
        WHERE o.type <> "university"
        RETURN COUNT(DISTINCT p.ID) AS num_e, o.name
        ORDER BY num_e DESC
        LIMIT 1;
    
shape: (1, 2)
┌───────┬───────────────┐
│ num_e ┆ o.name        │
│ ---   ┆ ---           │
│ i64   ┆ str           │
╞═══════╪═══════════════╡
│ 190   ┆ MDLR_Airlines │
└───────┴───────────────┘
mode=without-dummy iteration=1 passed
mode=without-dummy iteration=2 begin

Query 11:

        MATCH (p:Person)-[:workAt]->(o:Organisation)
        WHERE o.type <> "university"
        RETURN COUNT(DISTINCT p.ID) AS num_e, o.name
        ORDER BY num_e DESC
        LIMIT 1;
    
shape: (1, 2)
┌───────┬───────────────┐
│ num_e ┆ o.name        │
│ ---   ┆ ---           │
│ i64   ┆ str           │
╞═══════╪═══════════════╡
│ 190   ┆ MDLR_Airlines │
└───────┴───────────────┘
mode=without-dummy iteration=2 passed
mode=without-dummy iteration=3 begin

Query 11:

        MATCH (p:Person)-[:workAt]->(o:Organisation)
        WHERE o.type <> "university"
        RETURN COUNT(DISTINCT p.ID) AS num_e, o.name
        ORDER BY num_e DESC
        LIMIT 1;
    
shape: (1, 2)
┌───────┬───────────────┐
│ num_e ┆ o.name        │
│ ---   ┆ ---           │
│ i64   ┆ str           │
╞═══════╪═══════════════╡
│ 190   ┆ MDLR_Airlines │
└───────┴───────────────┘
mode=without-dummy iteration=3 passed
mode=without-dummy iteration=4 begin

Query 11:

        MATCH (p:Person)-[:workAt]->(o:Organisation)
        WHERE o.type <> "university"
        RETURN COUNT(DISTINCT p.ID) AS num_e, o.name
        ORDER BY num_e DESC
        LIMIT 1;
    
shape: (1, 2)
┌───────┬───────────────┐
│ num_e ┆ o.name        │
│ ---   ┆ ---           │
│ i64   ┆ str           │
╞═══════╪═══════════════╡
│ 190   ┆ MDLR_Airlines │
└───────┴───────────────┘
mode=without-dummy iteration=4 passed
mode=without-dummy iteration=5 begin

Query 11:

        MATCH (p:Person)-[:workAt]->(o:Organisation)
        WHERE o.type <> "university"
        RETURN COUNT(DISTINCT p.ID) AS num_e, o.name
        ORDER BY num_e DESC
        LIMIT 1;
    
shape: (1, 2)
┌───────┬───────────────┐
│ num_e ┆ o.name        │
│ ---   ┆ ---           │
│ i64   ┆ str           │
╞═══════╪═══════════════╡
│ 190   ┆ MDLR_Airlines │
└───────┴───────────────┘
mode=without-dummy iteration=5 passed
mode=without-dummy iteration=6 begin

Query 11:

        MATCH (p:Person)-[:workAt]->(o:Organisation)
        WHERE o.type <> "university"
        RETURN COUNT(DISTINCT p.ID) AS num_e, o.name
        ORDER BY num_e DESC
        LIMIT 1;
    
shape: (1, 2)
┌───────┬───────────────┐
│ num_e ┆ o.name        │
│ ---   ┆ ---           │
│ i64   ┆ str           │
╞═══════╪═══════════════╡
│ 190   ┆ MDLR_Airlines │
└───────┴───────────────┘
mode=without-dummy iteration=6 passed
mode=without-dummy iteration=7 begin

Query 11:

        MATCH (p:Person)-[:workAt]->(o:Organisation)
        WHERE o.type <> "university"
        RETURN COUNT(DISTINCT p.ID) AS num_e, o.name
        ORDER BY num_e DESC
        LIMIT 1;
    
shape: (1, 2)
┌───────┬───────────────┐
│ num_e ┆ o.name        │
│ ---   ┆ ---           │
│ i64   ┆ str           │
╞═══════╪═══════════════╡
│ 190   ┆ MDLR_Airlines │
└───────┴───────────────┘
mode=without-dummy iteration=7 passed
mode=without-dummy iteration=8 begin

Query 11:

        MATCH (p:Person)-[:workAt]->(o:Organisation)
        WHERE o.type <> "university"
        RETURN COUNT(DISTINCT p.ID) AS num_e, o.name
        ORDER BY num_e DESC
        LIMIT 1;
    
shape: (1, 2)
┌───────┬───────────────┐
│ num_e ┆ o.name        │
│ ---   ┆ ---           │
│ i64   ┆ str           │
╞═══════╪═══════════════╡
│ 190   ┆ MDLR_Airlines │
└───────┴───────────────┘
mode=without-dummy iteration=8 passed
mode=without-dummy iteration=9 begin

Query 11:

        MATCH (p:Person)-[:workAt]->(o:Organisation)
        WHERE o.type <> "university"
        RETURN COUNT(DISTINCT p.ID) AS num_e, o.name
        ORDER BY num_e DESC
        LIMIT 1;
    
shape: (1, 2)
┌───────┬───────────────┐
│ num_e ┆ o.name        │
│ ---   ┆ ---           │
│ i64   ┆ str           │
╞═══════╪═══════════════╡
│ 190   ┆ MDLR_Airlines │
└───────┴───────────────┘
mode=without-dummy iteration=9 passed
mode=without-dummy iteration=10 begin

Query 11:

        MATCH (p:Person)-[:workAt]->(o:Organisation)
        WHERE o.type <> "university"
        RETURN COUNT(DISTINCT p.ID) AS num_e, o.name
        ORDER BY num_e DESC
        LIMIT 1;
    
shape: (1, 2)
┌───────┬───────────────┐
│ num_e ┆ o.name        │
│ ---   ┆ ---           │
│ i64   ┆ str           │
╞═══════╪═══════════════╡
│ 190   ┆ MDLR_Airlines │
└───────┴───────────────┘
mode=without-dummy iteration=10 passed
mode=without-dummy iteration=11 begin

Query 11:

        MATCH (p:Person)-[:workAt]->(o:Organisation)
        WHERE o.type <> "university"
        RETURN COUNT(DISTINCT p.ID) AS num_e, o.name
        ORDER BY num_e DESC
        LIMIT 1;
    
shape: (1, 2)
┌───────┬───────────────┐
│ num_e ┆ o.name        │
│ ---   ┆ ---           │
│ i64   ┆ str           │
╞═══════╪═══════════════╡
│ 190   ┆ MDLR_Airlines │
└───────┴───────────────┘
mode=without-dummy iteration=11 passed
mode=without-dummy iteration=12 begin

Query 11:

        MATCH (p:Person)-[:workAt]->(o:Organisation)
        WHERE o.type <> "university"
        RETURN COUNT(DISTINCT p.ID) AS num_e, o.name
        ORDER BY num_e DESC
        LIMIT 1;
    
shape: (1, 2)
┌───────┬───────────────┐
│ num_e ┆ o.name        │
│ ---   ┆ ---           │
│ i64   ┆ str           │
╞═══════╪═══════════════╡
│ 190   ┆ MDLR_Airlines │
└───────┴───────────────┘
mode=without-dummy iteration=12 passed
mode=without-dummy iteration=13 begin

Query 11:

        MATCH (p:Person)-[:workAt]->(o:Organisation)
        WHERE o.type <> "university"
        RETURN COUNT(DISTINCT p.ID) AS num_e, o.name
        ORDER BY num_e DESC
        LIMIT 1;
    
shape: (1, 2)
┌───────┬───────────────┐
│ num_e ┆ o.name        │
│ ---   ┆ ---           │
│ i64   ┆ str           │
╞═══════╪═══════════════╡
│ 190   ┆ MDLR_Airlines │
└───────┴───────────────┘
mode=without-dummy iteration=13 passed
mode=without-dummy iteration=14 begin

Query 11:

        MATCH (p:Person)-[:workAt]->(o:Organisation)
        WHERE o.type <> "university"
        RETURN COUNT(DISTINCT p.ID) AS num_e, o.name
        ORDER BY num_e DESC
        LIMIT 1;
    
shape: (1, 2)
┌───────┬───────────────┐
│ num_e ┆ o.name        │
│ ---   ┆ ---           │
│ i64   ┆ str           │
╞═══════╪═══════════════╡
│ 190   ┆ MDLR_Airlines │
└───────┴───────────────┘
mode=without-dummy iteration=14 passed
mode=without-dummy iteration=15 begin

Query 11:

        MATCH (p:Person)-[:workAt]->(o:Organisation)
        WHERE o.type <> "university"
        RETURN COUNT(DISTINCT p.ID) AS num_e, o.name
        ORDER BY num_e DESC
        LIMIT 1;
    
shape: (1, 2)
┌───────┬───────────────┐
│ num_e ┆ o.name        │
│ ---   ┆ ---           │
│ i64   ┆ str           │
╞═══════╪═══════════════╡
│ 190   ┆ MDLR_Airlines │
└───────┴───────────────┘
mode=without-dummy iteration=15 passed
mode=without-dummy iteration=16 begin

Query 11:

        MATCH (p:Person)-[:workAt]->(o:Organisation)
        WHERE o.type <> "university"
        RETURN COUNT(DISTINCT p.ID) AS num_e, o.name
        ORDER BY num_e DESC
        LIMIT 1;
    
shape: (1, 2)
┌───────┬───────────────┐
│ num_e ┆ o.name        │
│ ---   ┆ ---           │
│ i64   ┆ str           │
╞═══════╪═══════════════╡
│ 190   ┆ MDLR_Airlines │
└───────┴───────────────┘
mode=without-dummy iteration=16 passed
mode=without-dummy iteration=17 begin

Query 11:

        MATCH (p:Person)-[:workAt]->(o:Organisation)
        WHERE o.type <> "university"
        RETURN COUNT(DISTINCT p.ID) AS num_e, o.name
        ORDER BY num_e DESC
        LIMIT 1;
    
shape: (1, 2)
┌───────┬───────────────┐
│ num_e ┆ o.name        │
│ ---   ┆ ---           │
│ i64   ┆ str           │
╞═══════╪═══════════════╡
│ 190   ┆ MDLR_Airlines │
└───────┴───────────────┘
mode=without-dummy iteration=17 passed
mode=without-dummy iteration=18 begin

Query 11:

        MATCH (p:Person)-[:workAt]->(o:Organisation)
        WHERE o.type <> "university"
        RETURN COUNT(DISTINCT p.ID) AS num_e, o.name
        ORDER BY num_e DESC
        LIMIT 1;
    
shape: (1, 2)
┌───────┬───────────────┐
│ num_e ┆ o.name        │
│ ---   ┆ ---           │
│ i64   ┆ str           │
╞═══════╪═══════════════╡
│ 190   ┆ MDLR_Airlines │
└───────┴───────────────┘
mode=without-dummy iteration=18 passed
mode=without-dummy iteration=19 begin

Query 11:

        MATCH (p:Person)-[:workAt]->(o:Organisation)
        WHERE o.type <> "university"
        RETURN COUNT(DISTINCT p.ID) AS num_e, o.name
        ORDER BY num_e DESC
        LIMIT 1;
    
shape: (1, 2)
┌───────┬───────────────┐
│ num_e ┆ o.name        │
│ ---   ┆ ---           │
│ i64   ┆ str           │
╞═══════╪═══════════════╡
│ 190   ┆ MDLR_Airlines │
└───────┴───────────────┘
mode=without-dummy iteration=19 passed
mode=without-dummy iteration=20 begin

Query 11:

        MATCH (p:Person)-[:workAt]->(o:Organisation)
        WHERE o.type <> "university"
        RETURN COUNT(DISTINCT p.ID) AS num_e, o.name
        ORDER BY num_e DESC
        LIMIT 1;
    
shape: (1, 2)
┌───────┬───────────────┐
│ num_e ┆ o.name        │
│ ---   ┆ ---           │
│ i64   ┆ str           │
╞═══════╪═══════════════╡
│ 190   ┆ MDLR_Airlines │
└───────┴───────────────┘
mode=without-dummy iteration=20 passed
mode=without-dummy: 20 repeated executions passed
