 Image neo4j:2025.12.1 Pulling 
 4f4fb700ef54 Pulling fs layer 0B
 da7560e339a5 Pulling fs layer 0B
 6c6e74c6e4d2 Pulling fs layer 0B
 de7499ca303e Pulling fs layer 0B
 809c4a6247c8 Pulling fs layer 0B
 0bab5b9a037a Pulling fs layer 0B
 4f4fb700ef54 Download complete 0B
 da7560e339a5 Download complete 0B
 253bd29db89c Download complete 0B
 809c4a6247c8 Download complete 0B
 0bab5b9a037a Downloading 1.049MB
 0bab5b9a037a Downloading 2.097MB
 6c6e74c6e4d2 Downloading 1.049MB
 0bab5b9a037a Downloading 2.097MB
 6c6e74c6e4d2 Downloading 1.049MB
 6c6e74c6e4d2 Downloading 1.049MB
 5c390d1821f5 Downloading 1.049MB
 0bab5b9a037a Downloading 3.146MB
 5c390d1821f5 Downloading 1.049MB
 0bab5b9a037a Downloading 4.194MB
 6c6e74c6e4d2 Downloading 2.097MB
 0bab5b9a037a Downloading 4.194MB
 6c6e74c6e4d2 Downloading 2.097MB
 de7499ca303e Downloading 1.049MB
 5c390d1821f5 Downloading 1.049MB
 de7499ca303e Downloading 1.049MB
 5c390d1821f5 Downloading 1.049MB
 0bab5b9a037a Downloading 5.243MB
 6c6e74c6e4d2 Downloading 3.146MB
 0bab5b9a037a Downloading 5.243MB
 6c6e74c6e4d2 Downloading 3.146MB
 de7499ca303e Downloading 1.049MB
 5c390d1821f5 Downloading 1.049MB
 de7499ca303e Downloading 1.049MB
 5c390d1821f5 Downloading 2.097MB
 0bab5b9a037a Downloading 6.291MB
 6c6e74c6e4d2 Downloading 3.146MB
 0bab5b9a037a Downloading 6.291MB
 6c6e74c6e4d2 Downloading 4.194MB
 de7499ca303e Downloading 2.097MB
 5c390d1821f5 Downloading 2.097MB
 0bab5b9a037a Downloading 7.34MB
 6c6e74c6e4d2 Downloading 4.194MB
 de7499ca303e Downloading 2.097MB
 5c390d1821f5 Downloading 2.097MB
 0bab5b9a037a Downloading 7.34MB
 6c6e74c6e4d2 Downloading 4.194MB
 de7499ca303e Downloading 2.097MB
 5c390d1821f5 Downloading 2.097MB
 5c390d1821f5 Downloading 2.097MB
 0bab5b9a037a Downloading 8.389MB
 6c6e74c6e4d2 Downloading 5.243MB
 de7499ca303e Downloading 2.097MB
 0bab5b9a037a Downloading 8.389MB
 6c6e74c6e4d2 Downloading 5.243MB
 de7499ca303e Downloading 2.097MB
 5c390d1821f5 Downloading 3.146MB
 0bab5b9a037a Downloading 9.437MB
 6c6e74c6e4d2 Downloading 5.243MB
 de7499ca303e Downloading 3.146MB
 5c390d1821f5 Downloading 3.146MB
 5c390d1821f5 Downloading 3.146MB
 0bab5b9a037a Downloading 10.49MB
 6c6e74c6e4d2 Downloading 6.291MB
 de7499ca303e Downloading 3.146MB
 0bab5b9a037a Downloading 10.49MB
 6c6e74c6e4d2 Downloading 6.291MB
 de7499ca303e Downloading 3.146MB
 5c390d1821f5 Downloading 3.146MB
 de7499ca303e Downloading 3.146MB
 5c390d1821f5 Downloading 3.146MB
 0bab5b9a037a Downloading 11.53MB
 6c6e74c6e4d2 Downloading 7.34MB
 5c390d1821f5 Downloading 4.194MB
 0bab5b9a037a Downloading 11.53MB
 6c6e74c6e4d2 Downloading 7.34MB
 de7499ca303e Downloading 4.194MB
 6c6e74c6e4d2 Downloading 7.34MB
 de7499ca303e Downloading 4.194MB
 5c390d1821f5 Download complete 0B
 0bab5b9a037a Downloading 12.58MB
 0bab5b9a037a Downloading 13.63MB
 6c6e74c6e4d2 Downloading 8.389MB
 de7499ca303e Downloading 4.194MB
 0bab5b9a037a Downloading 13.63MB
 6c6e74c6e4d2 Downloading 8.389MB
 de7499ca303e Downloading 4.194MB
 0bab5b9a037a Downloading 14.68MB
 6c6e74c6e4d2 Downloading 9.437MB
 de7499ca303e Downloading 4.194MB
 0bab5b9a037a Downloading 14.68MB
 6c6e74c6e4d2 Downloading 9.437MB
 de7499ca303e Downloading 5.243MB
 0bab5b9a037a Downloading 15.73MB
 6c6e74c6e4d2 Downloading 9.437MB
 de7499ca303e Downloading 5.243MB
 6c6e74c6e4d2 Downloading 10.49MB
 de7499ca303e Downloading 5.243MB
 0bab5b9a037a Downloading 16.78MB
 0bab5b9a037a Downloading 16.78MB
 6c6e74c6e4d2 Downloading 10.49MB
 de7499ca303e Downloading 5.243MB
 de7499ca303e Downloading 6.291MB
 0bab5b9a037a Downloading 17.83MB
 6c6e74c6e4d2 Downloading 11.53MB
 0bab5b9a037a Downloading 18.87MB
 6c6e74c6e4d2 Downloading 11.53MB
 de7499ca303e Downloading 6.291MB
 0bab5b9a037a Downloading 18.87MB
 6c6e74c6e4d2 Downloading 11.53MB
 de7499ca303e Downloading 6.291MB
 0bab5b9a037a Downloading 19.92MB
 6c6e74c6e4d2 Downloading 12.58MB
 de7499ca303e Downloading 6.291MB
 0bab5b9a037a Downloading 20.97MB
 6c6e74c6e4d2 Downloading 12.58MB
 de7499ca303e Downloading 7.34MB
 6c6e74c6e4d2 Downloading 13.63MB
 de7499ca303e Downloading 7.34MB
 0bab5b9a037a Downloading 20.97MB
 0bab5b9a037a Downloading 22.02MB
 6c6e74c6e4d2 Downloading 13.63MB
 de7499ca303e Downloading 7.34MB
 0bab5b9a037a Downloading 23.07MB
 6c6e74c6e4d2 Downloading 13.63MB
 de7499ca303e Downloading 7.34MB
 0bab5b9a037a Downloading 23.07MB
 6c6e74c6e4d2 Downloading 14.68MB
 de7499ca303e Downloading 8.389MB
 de7499ca303e Downloading 8.389MB
 0bab5b9a037a Downloading 24.12MB
 6c6e74c6e4d2 Downloading 14.68MB
 0bab5b9a037a Downloading 25.17MB
 6c6e74c6e4d2 Downloading 15.73MB
 de7499ca303e Downloading 8.389MB
 0bab5b9a037a Downloading 25.17MB
 6c6e74c6e4d2 Downloading 15.73MB
 de7499ca303e Downloading 9.437MB
 0bab5b9a037a Downloading 26.21MB
 6c6e74c6e4d2 Downloading 15.73MB
 de7499ca303e Downloading 9.437MB
 6c6e74c6e4d2 Downloading 16.78MB
 de7499ca303e Downloading 9.437MB
 0bab5b9a037a Downloading 26.21MB
 6c6e74c6e4d2 Downloading 16.78MB
 de7499ca303e Downloading 9.437MB
 0bab5b9a037a Downloading 27.26MB
 6c6e74c6e4d2 Downloading 17.83MB
 de7499ca303e Downloading 9.437MB
 0bab5b9a037a Downloading 28.31MB
 0bab5b9a037a Download complete 0B
 6c6e74c6e4d2 Downloading 17.83MB
 de7499ca303e Downloading 10.49MB
 0bab5b9a037a Extracting 1B
 6c6e74c6e4d2 Downloading 17.83MB
 de7499ca303e Downloading 10.49MB
 0bab5b9a037a Extracting 1B
 6c6e74c6e4d2 Downloading 18.87MB
 de7499ca303e Downloading 10.49MB
 0bab5b9a037a Extracting 1B
 6c6e74c6e4d2 Downloading 19.92MB
 de7499ca303e Downloading 11.53MB
 0bab5b9a037a Pull complete 0B
 6c6e74c6e4d2 Downloading 20.97MB
 de7499ca303e Downloading 11.53MB
 6c6e74c6e4d2 Downloading 20.97MB
 de7499ca303e Downloading 12.58MB
 6c6e74c6e4d2 Downloading 22.02MB
 de7499ca303e Downloading 12.58MB
 de7499ca303e Downloading 13.63MB
 6c6e74c6e4d2 Downloading 23.07MB
 6c6e74c6e4d2 Downloading 24.12MB
 de7499ca303e Downloading 13.63MB
 6c6e74c6e4d2 Downloading 25.17MB
 de7499ca303e Downloading 14.68MB
 6c6e74c6e4d2 Downloading 26.21MB
 de7499ca303e Downloading 14.68MB
 6c6e74c6e4d2 Downloading 27.26MB
 de7499ca303e Downloading 15.73MB
 6c6e74c6e4d2 Downloading 28.31MB
 de7499ca303e Downloading 15.73MB
 6c6e74c6e4d2 Downloading 28.31MB
 de7499ca303e Downloading 16.78MB
 6c6e74c6e4d2 Downloading 29.36MB
 de7499ca303e Downloading 16.78MB
 6c6e74c6e4d2 Downloading 30.41MB
 de7499ca303e Downloading 17.83MB
 6c6e74c6e4d2 Downloading 31.46MB
 de7499ca303e Downloading 17.83MB
 6c6e74c6e4d2 Downloading 32.51MB
 de7499ca303e Downloading 17.83MB
 6c6e74c6e4d2 Downloading 33.55MB
 de7499ca303e Downloading 18.87MB
 6c6e74c6e4d2 Downloading 33.55MB
 de7499ca303e Downloading 18.87MB
 6c6e74c6e4d2 Downloading 34.6MB
 de7499ca303e Downloading 19.92MB
 6c6e74c6e4d2 Downloading 35.65MB
 de7499ca303e Downloading 19.92MB
 6c6e74c6e4d2 Downloading 36.7MB
 de7499ca303e Downloading 20.97MB
 6c6e74c6e4d2 Downloading 37.75MB
 de7499ca303e Downloading 20.97MB
 6c6e74c6e4d2 Downloading 38.8MB
 de7499ca303e Downloading 22.02MB
 6c6e74c6e4d2 Downloading 38.8MB
 de7499ca303e Downloading 22.02MB
 6c6e74c6e4d2 Downloading 39.85MB
 de7499ca303e Downloading 23.07MB
 6c6e74c6e4d2 Downloading 40.89MB
 de7499ca303e Downloading 23.07MB
 6c6e74c6e4d2 Downloading 41.94MB
 de7499ca303e Downloading 23.07MB
 6c6e74c6e4d2 Downloading 42.99MB
 de7499ca303e Downloading 24.12MB
 6c6e74c6e4d2 Downloading 44.04MB
 de7499ca303e Downloading 24.12MB
 6c6e74c6e4d2 Downloading 45.09MB
 de7499ca303e Downloading 25.17MB
 6c6e74c6e4d2 Downloading 45.09MB
 de7499ca303e Downloading 25.17MB
 de7499ca303e Downloading 26.21MB
 6c6e74c6e4d2 Downloading 46.14MB
 6c6e74c6e4d2 Downloading 47.19MB
 de7499ca303e Downloading 26.21MB
 6c6e74c6e4d2 Downloading 48.23MB
 de7499ca303e Downloading 26.21MB
 6c6e74c6e4d2 Downloading 49.28MB
 de7499ca303e Downloading 27.26MB
 de7499ca303e Downloading 28.31MB
 6c6e74c6e4d2 Downloading 49.28MB
 6c6e74c6e4d2 Downloading 50.33MB
 de7499ca303e Downloading 28.31MB
 6c6e74c6e4d2 Downloading 51.38MB
 de7499ca303e Downloading 29.36MB
 6c6e74c6e4d2 Downloading 52.43MB
 de7499ca303e Downloading 29.36MB
 6c6e74c6e4d2 Downloading 53.48MB
 de7499ca303e Downloading 30.41MB
 6c6e74c6e4d2 Downloading 54.53MB
 de7499ca303e Downloading 30.41MB
 6c6e74c6e4d2 Downloading 55.57MB
 de7499ca303e Downloading 31.46MB
 6c6e74c6e4d2 Downloading 56.62MB
 de7499ca303e Downloading 31.46MB
 de7499ca303e Downloading 32.51MB
 6c6e74c6e4d2 Downloading 56.62MB
 de7499ca303e Downloading 33.55MB
 6c6e74c6e4d2 Downloading 57.67MB
 6c6e74c6e4d2 Downloading 58.72MB
 de7499ca303e Downloading 33.55MB
 6c6e74c6e4d2 Downloading 59.77MB
 de7499ca303e Downloading 34.6MB
 6c6e74c6e4d2 Downloading 59.77MB
 de7499ca303e Downloading 34.6MB
 6c6e74c6e4d2 Downloading 60.82MB
 de7499ca303e Downloading 35.65MB
 6c6e74c6e4d2 Downloading 61.87MB
 de7499ca303e Downloading 35.65MB
 6c6e74c6e4d2 Downloading 62.91MB
 de7499ca303e Downloading 36.7MB
 6c6e74c6e4d2 Downloading 63.96MB
 de7499ca303e Downloading 36.7MB
 6c6e74c6e4d2 Downloading 65.01MB
 de7499ca303e Downloading 37.75MB
 6c6e74c6e4d2 Downloading 66.06MB
 de7499ca303e Downloading 37.75MB
 6c6e74c6e4d2 Downloading 67.11MB
 de7499ca303e Downloading 38.8MB
 6c6e74c6e4d2 Downloading 68.16MB
 de7499ca303e Downloading 38.8MB
 6c6e74c6e4d2 Downloading 69.21MB
 de7499ca303e Downloading 39.85MB
 6c6e74c6e4d2 Downloading 69.21MB
 de7499ca303e Downloading 39.85MB
 6c6e74c6e4d2 Downloading 70.25MB
 de7499ca303e Downloading 40.89MB
 6c6e74c6e4d2 Downloading 71.3MB
 de7499ca303e Downloading 40.89MB
 6c6e74c6e4d2 Downloading 72.35MB
 de7499ca303e Downloading 41.94MB
 6c6e74c6e4d2 Downloading 72.35MB
 de7499ca303e Downloading 41.94MB
 6c6e74c6e4d2 Downloading 73.4MB
 de7499ca303e Downloading 42.99MB
 6c6e74c6e4d2 Downloading 74.45MB
 de7499ca303e Downloading 42.99MB
 6c6e74c6e4d2 Downloading 75.5MB
 de7499ca303e Downloading 44.04MB
 6c6e74c6e4d2 Downloading 75.5MB
 de7499ca303e Downloading 44.04MB
 6c6e74c6e4d2 Downloading 76.55MB
 de7499ca303e Downloading 45.09MB
 6c6e74c6e4d2 Downloading 77.59MB
 de7499ca303e Downloading 45.09MB
 6c6e74c6e4d2 Downloading 77.59MB
 de7499ca303e Downloading 45.77MB
 6c6e74c6e4d2 Downloading 78.64MB
 de7499ca303e Downloading 46.14MB
 6c6e74c6e4d2 Downloading 79.69MB
 de7499ca303e Downloading 47.19MB
 6c6e74c6e4d2 Downloading 80.74MB
 de7499ca303e Downloading 47.19MB
 6c6e74c6e4d2 Downloading 81.79MB
 de7499ca303e Downloading 48.23MB
 6c6e74c6e4d2 Downloading 81.79MB
 de7499ca303e Downloading 48.23MB
 6c6e74c6e4d2 Downloading 82.84MB
 de7499ca303e Downloading 48.23MB
 de7499ca303e Downloading 49.28MB
 6c6e74c6e4d2 Downloading 83.89MB
 6c6e74c6e4d2 Downloading 83.89MB
 de7499ca303e Downloading 49.28MB
 6c6e74c6e4d2 Downloading 84.93MB
 de7499ca303e Downloading 50.33MB
 6c6e74c6e4d2 Downloading 85.98MB
 de7499ca303e Downloading 50.33MB
 de7499ca303e Downloading 51.38MB
 6c6e74c6e4d2 Downloading 85.98MB
 6c6e74c6e4d2 Downloading 87.03MB
 de7499ca303e Downloading 51.38MB
 6c6e74c6e4d2 Downloading 88.08MB
 de7499ca303e Downloading 52.43MB
 6c6e74c6e4d2 Downloading 88.08MB
 de7499ca303e Downloading 52.43MB
 6c6e74c6e4d2 Downloading 89.13MB
 de7499ca303e Downloading 53.48MB
 6c6e74c6e4d2 Downloading 89.13MB
 de7499ca303e Downloading 53.48MB
 6c6e74c6e4d2 Downloading 90.18MB
 de7499ca303e Downloading 53.48MB
 6c6e74c6e4d2 Downloading 91.23MB
 de7499ca303e Downloading 54.53MB
 6c6e74c6e4d2 Downloading 91.23MB
 de7499ca303e Downloading 54.53MB
 6c6e74c6e4d2 Downloading 92.27MB
 de7499ca303e Downloading 55.57MB
 6c6e74c6e4d2 Downloading 93.32MB
 de7499ca303e Downloading 55.57MB
 6c6e74c6e4d2 Downloading 93.32MB
 de7499ca303e Downloading 56.62MB
 de7499ca303e Downloading 57.67MB
 6c6e74c6e4d2 Downloading 94.37MB
 de7499ca303e Downloading 57.67MB
 6c6e74c6e4d2 Downloading 95.42MB
 6c6e74c6e4d2 Downloading 96.47MB
 de7499ca303e Downloading 58.72MB
 6c6e74c6e4d2 Downloading 96.47MB
 de7499ca303e Downloading 58.72MB
 6c6e74c6e4d2 Downloading 97.52MB
 de7499ca303e Downloading 59.77MB
 de7499ca303e Downloading 59.77MB
 6c6e74c6e4d2 Downloading 98.57MB
 6c6e74c6e4d2 Downloading 99.61MB
 de7499ca303e Downloading 60.82MB
 6c6e74c6e4d2 Downloading 99.61MB
 de7499ca303e Downloading 61.87MB
 6c6e74c6e4d2 Downloading 100.7MB
 de7499ca303e Downloading 61.87MB
 6c6e74c6e4d2 Downloading 101.7MB
 de7499ca303e Downloading 61.87MB
 6c6e74c6e4d2 Downloading 101.7MB
 de7499ca303e Downloading 62.91MB
 6c6e74c6e4d2 Downloading 101.7MB
 de7499ca303e Downloading 63.96MB
 6c6e74c6e4d2 Downloading 101.7MB
 de7499ca303e Downloading 65.01MB
 6c6e74c6e4d2 Downloading 102.8MB
 de7499ca303e Downloading 66.06MB
 6c6e74c6e4d2 Downloading 102.8MB
 de7499ca303e Downloading 67.11MB
 6c6e74c6e4d2 Downloading 103.8MB
 de7499ca303e Downloading 68.16MB
 6c6e74c6e4d2 Downloading 103.8MB
 de7499ca303e Downloading 68.16MB
 6c6e74c6e4d2 Downloading 103.8MB
 de7499ca303e Downloading 69.21MB
 6c6e74c6e4d2 Downloading 104.9MB
 de7499ca303e Downloading 70.25MB
 6c6e74c6e4d2 Downloading 104.9MB
 de7499ca303e Downloading 71.3MB
 de7499ca303e Downloading 72.35MB
 6c6e74c6e4d2 Downloading 105.9MB
 6c6e74c6e4d2 Downloading 105.9MB
 de7499ca303e Downloading 73.4MB
 de7499ca303e Downloading 73.4MB
 6c6e74c6e4d2 Downloading 107MB
 6c6e74c6e4d2 Downloading 107MB
 de7499ca303e Downloading 74.45MB
 6c6e74c6e4d2 Downloading 107MB
 de7499ca303e Downloading 75.5MB
 6c6e74c6e4d2 Downloading 108MB
 de7499ca303e Downloading 76.55MB
 6c6e74c6e4d2 Downloading 108MB
 de7499ca303e Downloading 77.59MB
 6c6e74c6e4d2 Downloading 109.1MB
 de7499ca303e Downloading 77.59MB
 6c6e74c6e4d2 Downloading 109.1MB
 de7499ca303e Downloading 78.64MB
 6c6e74c6e4d2 Downloading 109.1MB
 de7499ca303e Downloading 79.69MB
 6c6e74c6e4d2 Downloading 110.1MB
 de7499ca303e Downloading 79.69MB
 6c6e74c6e4d2 Downloading 110.1MB
 de7499ca303e Downloading 80.74MB
 6c6e74c6e4d2 Downloading 111.1MB
 de7499ca303e Downloading 81.79MB
 6c6e74c6e4d2 Downloading 111.1MB
 de7499ca303e Downloading 81.79MB
 6c6e74c6e4d2 Downloading 112.2MB
 de7499ca303e Downloading 82.84MB
 6c6e74c6e4d2 Downloading 112.2MB
 de7499ca303e Downloading 83.89MB
 6c6e74c6e4d2 Downloading 113.2MB
 de7499ca303e Downloading 83.89MB
 de7499ca303e Downloading 84.93MB
 6c6e74c6e4d2 Downloading 113.2MB
 6c6e74c6e4d2 Downloading 114.3MB
 de7499ca303e Downloading 85.98MB
 6c6e74c6e4d2 Downloading 114.3MB
 de7499ca303e Downloading 87.03MB
 de7499ca303e Downloading 87.03MB
 6c6e74c6e4d2 Downloading 115.3MB
 de7499ca303e Downloading 88.08MB
 6c6e74c6e4d2 Downloading 115.3MB
 de7499ca303e Downloading 89.13MB
 6c6e74c6e4d2 Downloading 116.4MB
 6c6e74c6e4d2 Downloading 117.2MB
 de7499ca303e Downloading 89.13MB
 6c6e74c6e4d2 Downloading 117.4MB
 de7499ca303e Downloading 90.18MB
 6c6e74c6e4d2 Downloading 118.5MB
 de7499ca303e Downloading 91.23MB
 de7499ca303e Downloading 92.27MB
 6c6e74c6e4d2 Downloading 118.5MB
 6c6e74c6e4d2 Downloading 119.5MB
 de7499ca303e Downloading 92.27MB
 6c6e74c6e4d2 Downloading 119.5MB
 de7499ca303e Downloading 93.32MB
 6c6e74c6e4d2 Downloading 120.6MB
 de7499ca303e Downloading 94.37MB
 de7499ca303e Downloading 95.42MB
 6c6e74c6e4d2 Downloading 120.6MB
 6c6e74c6e4d2 Downloading 121.6MB
 de7499ca303e Downloading 95.42MB
 6c6e74c6e4d2 Downloading 122.7MB
 de7499ca303e Downloading 96.47MB
 6c6e74c6e4d2 Downloading 122.7MB
 de7499ca303e Downloading 97.52MB
 de7499ca303e Downloading 98.57MB
 6c6e74c6e4d2 Downloading 123.7MB
 6c6e74c6e4d2 Downloading 123.7MB
 de7499ca303e Downloading 99.61MB
 de7499ca303e Downloading 99.61MB
 6c6e74c6e4d2 Downloading 124.8MB
 6c6e74c6e4d2 Downloading 124.8MB
 de7499ca303e Downloading 100.7MB
 6c6e74c6e4d2 Downloading 125.8MB
 de7499ca303e Downloading 101.7MB
 6c6e74c6e4d2 Downloading 125.8MB
 de7499ca303e Downloading 101.7MB
 6c6e74c6e4d2 Downloading 126.9MB
 de7499ca303e Downloading 102.8MB
 6c6e74c6e4d2 Downloading 126.9MB
 de7499ca303e Downloading 103.8MB
 6c6e74c6e4d2 Downloading 127.9MB
 de7499ca303e Downloading 103.8MB
 6c6e74c6e4d2 Downloading 127.9MB
 de7499ca303e Downloading 104.9MB
 6c6e74c6e4d2 Downloading 129MB
 de7499ca303e Downloading 105.9MB
 6c6e74c6e4d2 Downloading 129MB
 de7499ca303e Downloading 107MB
 6c6e74c6e4d2 Downloading 130MB
 de7499ca303e Downloading 107MB
 6c6e74c6e4d2 Downloading 130MB
 de7499ca303e Downloading 108MB
 6c6e74c6e4d2 Downloading 131.1MB
 de7499ca303e Downloading 109.1MB
 6c6e74c6e4d2 Downloading 131.1MB
 de7499ca303e Downloading 109.1MB
 6c6e74c6e4d2 Downloading 132.1MB
 de7499ca303e Downloading 110.1MB
 6c6e74c6e4d2 Downloading 132.1MB
 de7499ca303e Downloading 111.1MB
 6c6e74c6e4d2 Downloading 133.2MB
 de7499ca303e Downloading 111.1MB
 6c6e74c6e4d2 Downloading 133.2MB
 de7499ca303e Downloading 112.2MB
 6c6e74c6e4d2 Downloading 134.2MB
 de7499ca303e Downloading 113.2MB
 6c6e74c6e4d2 Downloading 135.3MB
 de7499ca303e Downloading 114.3MB
 6c6e74c6e4d2 Downloading 135.3MB
 de7499ca303e Downloading 114.3MB
 6c6e74c6e4d2 Downloading 135.3MB
 de7499ca303e Downloading 115.3MB
 6c6e74c6e4d2 Downloading 136.3MB
 de7499ca303e Downloading 115.3MB
 6c6e74c6e4d2 Downloading 136.3MB
 de7499ca303e Downloading 115.3MB
 6c6e74c6e4d2 Downloading 137.4MB
 de7499ca303e Downloading 116.4MB
 6c6e74c6e4d2 Downloading 138.4MB
 de7499ca303e Downloading 117.4MB
 6c6e74c6e4d2 Downloading 138.4MB
 de7499ca303e Downloading 117.4MB
 6c6e74c6e4d2 Downloading 139.5MB
 de7499ca303e Downloading 118.5MB
 6c6e74c6e4d2 Downloading 139.5MB
 de7499ca303e Downloading 119.5MB
 6c6e74c6e4d2 Downloading 140.5MB
 de7499ca303e Downloading 119.5MB
 6c6e74c6e4d2 Downloading 140.5MB
 de7499ca303e Downloading 120.6MB
 6c6e74c6e4d2 Downloading 141.6MB
 de7499ca303e Downloading 121.6MB
 de7499ca303e Downloading 121.6MB
 6c6e74c6e4d2 Downloading 141.6MB
 6c6e74c6e4d2 Downloading 142.6MB
 de7499ca303e Downloading 122.7MB
 6c6e74c6e4d2 Downloading 143.7MB
 de7499ca303e Downloading 123.7MB
 6c6e74c6e4d2 Downloading 143.7MB
 de7499ca303e Downloading 124.8MB
 6c6e74c6e4d2 Downloading 144.7MB
 de7499ca303e Downloading 124.8MB
 6c6e74c6e4d2 Downloading 145.8MB
 de7499ca303e Downloading 125.8MB
 6c6e74c6e4d2 Downloading 145.8MB
 de7499ca303e Downloading 126.9MB
 6c6e74c6e4d2 Downloading 146.8MB
 de7499ca303e Downloading 127.9MB
 6c6e74c6e4d2 Downloading 146.8MB
 de7499ca303e Downloading 127.9MB
 6c6e74c6e4d2 Downloading 147.8MB
 de7499ca303e Downloading 129MB
 de7499ca303e Downloading 130MB
 6c6e74c6e4d2 Downloading 148.9MB
 de7499ca303e Downloading 130MB
 6c6e74c6e4d2 Downloading 148.9MB
 6c6e74c6e4d2 Downloading 149.9MB
 de7499ca303e Downloading 131.1MB
 de7499ca303e Downloading 132.1MB
 6c6e74c6e4d2 Downloading 149.9MB
 6c6e74c6e4d2 Downloading 151MB
 de7499ca303e Downloading 132.1MB
 6c6e74c6e4d2 Downloading 152MB
 de7499ca303e Downloading 133.2MB
 6c6e74c6e4d2 Downloading 152MB
 de7499ca303e Downloading 134.2MB
 6c6e74c6e4d2 Downloading 153.1MB
 de7499ca303e Downloading 134.2MB
 6c6e74c6e4d2 Downloading 153.1MB
 de7499ca303e Downloading 135.3MB
 6c6e74c6e4d2 Downloading 154.1MB
 de7499ca303e Downloading 136.3MB
 6c6e74c6e4d2 Downloading 155.2MB
 de7499ca303e Downloading 137.4MB
 6c6e74c6e4d2 Downloading 155.2MB
 de7499ca303e Downloading 138.4MB
 6c6e74c6e4d2 Download complete 0B
 de7499ca303e Downloading 139.5MB
 6c6e74c6e4d2 Extracting 1B
 de7499ca303e Downloading 139.5MB
 6c6e74c6e4d2 Extracting 1B
 de7499ca303e Downloading 139.5MB
 6c6e74c6e4d2 Extracting 1B
 de7499ca303e Downloading 139.5MB
 6c6e74c6e4d2 Extracting 1B
 de7499ca303e Downloading 140.5MB
 6c6e74c6e4d2 Extracting 1B
 de7499ca303e Downloading 141.6MB
 6c6e74c6e4d2 Extracting 1B
 de7499ca303e Downloading 143.7MB
 6c6e74c6e4d2 Extracting 1B
 de7499ca303e Downloading 144.7MB
 6c6e74c6e4d2 Extracting 1B
 de7499ca303e Downloading 145.8MB
 da7560e339a5 Pull complete 0B
 809c4a6247c8 Pull complete 0B
 6c6e74c6e4d2 Pull complete 0B
 de7499ca303e Downloading 146.8MB
 de7499ca303e Downloading 147.8MB
 de7499ca303e Downloading 148.9MB
 de7499ca303e Downloading 149.9MB
 de7499ca303e Downloading 152MB
 de7499ca303e Downloading 153.1MB
 de7499ca303e Downloading 154.1MB
 de7499ca303e Downloading 155.2MB
 de7499ca303e Downloading 157.3MB
 de7499ca303e Downloading 158.3MB
 de7499ca303e Downloading 159.4MB
 de7499ca303e Downloading 160.4MB
 de7499ca303e Downloading 161.5MB
 de7499ca303e Downloading 162.5MB
 de7499ca303e Downloading 163.6MB
 de7499ca303e Downloading 164.6MB
 de7499ca303e Downloading 165.7MB
 de7499ca303e Downloading 167.8MB
 de7499ca303e Downloading 168.8MB
 de7499ca303e Downloading 169.9MB
 de7499ca303e Downloading 170.9MB
 de7499ca303e Downloading 172MB
 de7499ca303e Downloading 173MB
 de7499ca303e Downloading 174.1MB
 de7499ca303e Downloading 176.2MB
 de7499ca303e Downloading 177.2MB
 de7499ca303e Downloading 179.3MB
 de7499ca303e Downloading 180.4MB
 de7499ca303e Downloading 181.4MB
 de7499ca303e Downloading 183.5MB
 de7499ca303e Downloading 184.5MB
 de7499ca303e Downloading 185.6MB
 de7499ca303e Downloading 186.6MB
 de7499ca303e Downloading 187.7MB
 de7499ca303e Downloading 188.7MB
 de7499ca303e Downloading 190.8MB
 de7499ca303e Downloading 191.9MB
 de7499ca303e Downloading 192.9MB
 de7499ca303e Downloading 195MB
 de7499ca303e Downloading 196.1MB
 de7499ca303e Downloading 197.1MB
 de7499ca303e Downloading 198.2MB
 de7499ca303e Downloading 200.3MB
 de7499ca303e Downloading 201.3MB
 de7499ca303e Downloading 202.4MB
 de7499ca303e Downloading 203.4MB
 de7499ca303e Downloading 204.5MB
 de7499ca303e Downloading 206.6MB
 de7499ca303e Downloading 207.6MB
 de7499ca303e Downloading 208.7MB
 de7499ca303e Downloading 209.7MB
 de7499ca303e Downloading 211.8MB
 de7499ca303e Downloading 212.9MB
 de7499ca303e Downloading 213.9MB
 de7499ca303e Downloading 215.4MB
 de7499ca303e Download complete 0B
 de7499ca303e Extracting 1B
 de7499ca303e Extracting 1B
 de7499ca303e Extracting 1B
 de7499ca303e Extracting 1B
 de7499ca303e Extracting 1B
 de7499ca303e Extracting 1B
 de7499ca303e Extracting 1B
 4f4fb700ef54 Pull complete 0B
 de7499ca303e Pull complete 0B
 Image neo4j:2025.12.1 Pulled 
 Volume ldbc-benchmark_data_snb Creating 
 Volume ldbc-benchmark_plugins_snb Creating 
 Volume ldbc-benchmark_import_snb Creating 
 Network ldbc-benchmark_default Creating 
 Volume ldbc-benchmark_logs_snb Creating 
 Volume ldbc-benchmark_data_snb Creating 
 Volume ldbc-benchmark_logs_snb Creating 
 Volume ldbc-benchmark_plugins_snb Creating 
 Volume ldbc-benchmark_import_snb Creating 
 Network ldbc-benchmark_default Creating 
 Volume ldbc-benchmark_data_snb Created 
 Volume ldbc-benchmark_data_snb Created 
 Volume ldbc-benchmark_plugins_snb Created 
 Volume ldbc-benchmark_plugins_snb Created 
 Volume ldbc-benchmark_logs_snb Created 
 Volume ldbc-benchmark_logs_snb Created 
 Volume ldbc-benchmark_import_snb Created 
 Volume ldbc-benchmark_import_snb Created 
 Network ldbc-benchmark_default Created 
 Network ldbc-benchmark_default Created 
 Container ldbc-snb-sf1-neo4j Creating 
 Container ldbc-snb-sf1-neo4j Created 
 Container ldbc-snb-sf1-neo4j Starting 
 Container ldbc-snb-sf1-neo4j Started 
